// Jest Snapshot v1, https://goo.gl/fbAQLP

exports[`Header Component Header rendered correctly 1`] = `
<header
  className="ant-layout-header"
>
  <i
    aria-label="icon: menu-unfold"
    className="anticon anticon-menu-unfold header-menuButton"
    onClick={[Function]}
    tabIndex={-1}
  >
    <svg
      aria-hidden="true"
      className=""
      data-icon="menu-unfold"
      fill="currentColor"
      focusable="false"
      height="1em"
      viewBox="64 64 896 896"
      width="1em"
    >
      <path
        d="M408 442h480c4.4 0 8-3.6 8-8v-56c0-4.4-3.6-8-8-8H408c-4.4 0-8 3.6-8 8v56c0 4.4 3.6 8 8 8zm-8 204c0 4.4 3.6 8 8 8h480c4.4 0 8-3.6 8-8v-56c0-4.4-3.6-8-8-8H408c-4.4 0-8 3.6-8 8v56zm504-486H120c-4.4 0-8 3.6-8 8v56c0 4.4 3.6 8 8 8h784c4.4 0 8-3.6 8-8v-56c0-4.4-3.6-8-8-8zm0 632H120c-4.4 0-8 3.6-8 8v56c0 4.4 3.6 8 8 8h784c4.4 0 8-3.6 8-8v-56c0-4.4-3.6-8-8-8zM142.4 642.1L298.7 519a8.84 8.84 0 0 0 0-13.9L142.4 381.9c-5.8-4.6-14.4-.5-14.4 6.9v246.3a8.9 8.9 0 0 0 14.4 7z"
      />
    </svg>
  </i>
  <h2
    className="header-title"
  >
    Register card form
  </h2>
</header>
`;

exports[`Header Component header rendered correctly 1`] = `
<header
  className="ant-layout-header"
>
  <i
    aria-label="icon: menu-unfold"
    className="anticon anticon-menu-unfold header-menuButton"
    onClick={[Function]}
    tabIndex={-1}
  >
    <svg
      aria-hidden="true"
      className=""
      data-icon="menu-unfold"
      fill="currentColor"
      focusable="false"
      height="1em"
      viewBox="64 64 896 896"
      width="1em"
    >
      <path
        d="M408 442h480c4.4 0 8-3.6 8-8v-56c0-4.4-3.6-8-8-8H408c-4.4 0-8 3.6-8 8v56c0 4.4 3.6 8 8 8zm-8 204c0 4.4 3.6 8 8 8h480c4.4 0 8-3.6 8-8v-56c0-4.4-3.6-8-8-8H408c-4.4 0-8 3.6-8 8v56zm504-486H120c-4.4 0-8 3.6-8 8v56c0 4.4 3.6 8 8 8h784c4.4 0 8-3.6 8-8v-56c0-4.4-3.6-8-8-8zm0 632H120c-4.4 0-8 3.6-8 8v56c0 4.4 3.6 8 8 8h784c4.4 0 8-3.6 8-8v-56c0-4.4-3.6-8-8-8zM142.4 642.1L298.7 519a8.84 8.84 0 0 0 0-13.9L142.4 381.9c-5.8-4.6-14.4-.5-14.4 6.9v246.3a8.9 8.9 0 0 0 14.4 7z"
      />
    </svg>
  </i>
  <h2
    className="header-title"
  >
    Register card form
  </h2>
</header>
`;

exports[`Header rendered correctly 1`] = `
<header
  className="ant-layout-header"
>
  <i
    aria-label="icon: menu-unfold"
    className="anticon anticon-menu-unfold header-menuButton"
    onClick={[Function]}
    tabIndex={-1}
  >
    <svg
      aria-hidden="true"
      className=""
      data-icon="menu-unfold"
      fill="currentColor"
      focusable="false"
      height="1em"
      viewBox="64 64 896 896"
      width="1em"
    >
      <path
        d="M408 442h480c4.4 0 8-3.6 8-8v-56c0-4.4-3.6-8-8-8H408c-4.4 0-8 3.6-8 8v56c0 4.4 3.6 8 8 8zm-8 204c0 4.4 3.6 8 8 8h480c4.4 0 8-3.6 8-8v-56c0-4.4-3.6-8-8-8H408c-4.4 0-8 3.6-8 8v56zm504-486H120c-4.4 0-8 3.6-8 8v56c0 4.4 3.6 8 8 8h784c4.4 0 8-3.6 8-8v-56c0-4.4-3.6-8-8-8zm0 632H120c-4.4 0-8 3.6-8 8v56c0 4.4 3.6 8 8 8h784c4.4 0 8-3.6 8-8v-56c0-4.4-3.6-8-8-8zM142.4 642.1L298.7 519a8.84 8.84 0 0 0 0-13.9L142.4 381.9c-5.8-4.6-14.4-.5-14.4 6.9v246.3a8.9 8.9 0 0 0 14.4 7z"
      />
    </svg>
  </i>
  <h2
    className="header-title"
  >
    Register card form
  </h2>
</header>
`;
